// Jest Snapshot v1, https://goo.gl/fbAQLP

exports[`App presentation should render App component 1`] = `
<div
  className="container-fluid"
>
  <h1>
    Please select your products from below...
  </h1>
  <div
    className="scss-warning"
  >
    Test SASS Configure
  </div>
  <Connect(ProductList) />
  <Connect(ShoppingCart) />
</div>
`;
